            ooooooooooo
           ooooooooooooo
        ooooooooooooooooooooooooo
     oooooooooooooooooooooooooooooooooooooo
   oooooooooooooooooooooooooooooooooooooooooo
   ooooooooooooooooooooooooooooooooooooooooooo
   oooooooooooooooooooooooooooooooooooooooooooo
  oooooooooooooooooooooooooooooooooooooooooooooo
 ooooooooooooooooooooooooooooooooooooooooooooooooo
ooooooooooooooooooooooooooooooooooooooooooooooooooooooooooo
ooooooooooooooooooooooooooooooooooooooooooooooooooooooooooo
oooooooooooooooooooooooooooooooooooooooooooooooooooooooooo
  ooooooooooooooooooooooooooooooooooooooooooooooooooooooo
   oooooooooooooooooooooooooooooooooooooooooooooooooooo
    oooooooooooooooooooooooooooooooooooooooooooooooo
       oooooooooooooooooooooooooooooooooooooooooooo
                      oooooooooooooooooooooooooooo
                     oooooooooooooooooooooooooooo
                      oooooooooooooooooooooooooo
                       oooooooooooooooooooooooo
                       oooooooooooooooooooooooo
                       oooooooooooooooooooooooo
                       oooooooooooooooooooooooo
                       oooooooooooooooooooooooo
                      oooooooooooooooooooooooo
                       oooooooooooooooooooooo
                        ooooooooooooooooooo
                         oooooooooooooooooo
                         ooooooooooooooooo
                          oooooooooooooo
                           oooooooooooo
                            ooooooo
